# イントロ [1, ,0]
## 田舎レンタリア [1, ,0]
　昔なじみの女房と旦那。みたいな空気を初対面でも出せるのが、傭兵家業で長生きす
る秘訣だなんて言うが。 
「｜分隊Ｃロッテ１《チャーリーワン》、損傷具合を｜報告しろ《ＥＮＱ》」
「こちら｜分隊Ｃロッテ１《チャーリーワン》。軽微だ、すんでのところでボムが間に
合った；｜どうぞ《LF》」
「そいつは良かった。敵部隊は、０３高地に陣地を敷き、０１凹地を見下ろしているよ
うだ。指揮官機を擁する部隊は高地から動いていない、撃ってきたのは凹地の部隊だろ
う。」
　何かの歌に絆されて上ばっかり見て歩いていたら等高度の敵陣地に先に発見されたと
言うから目もあてられない。飛んできたのはＶＯＸ系統の火器と思しきミサイだった。
幸いパーティと言うほどじゃない、さしずめ敵味が不明だからつついて識別信号を引き
出すつもりだったのだろう。多対多混合戦線は得てしてこういうものだ。組織化水準の
低い傭兵部隊ではさもありなん。こんな行き当たりばったりの行軍とアホみたいな遭遇
戦にも、昔馴染みにならなきゃいけない。
「こちら｜分隊Ｃロッテ２《チャーリーツー》。ＶＯＸ主体の火力支援部隊のようだ。
接近遭遇戦はこっちに分がある、叩いて小銭を稼ぐってのは｜どうだ《ＥＮＱ》？」
「｜分隊Ｇロッテ１《ゴルフワン》だ。御免だぜ、敵の総数もわからないのに。弾丸も
推進剤も｜無料《ロハ》じゃねえ。」
「｜１０／８０Ａｄｖ《テンパチ》じゃあ怖気ついても仕方ねえか、｜弾丸《タマ》ケ
チって｜金玉《タマ》無くしてんじゃ世話ねえぜ、一生型落ちダッチワイフと添い遂げ
るんだな。」
「さすが、短小｜トンファー《棒切れ》のラッキー・ストライクだけで生きてるやつは
アホがつくほど楽観的だぜ。型落ちの１０／８０Ａｄｖで｜アホームド《アホの角刈り
》をスクラップにしたら、さぞ気持ちいいだろうなぁ？」
「ンだとコラ、やんのか？　こちとら｜派遣傭兵《エフェメラル》だ、｜正規傭兵《プ
ロパー》なんぞに気兼ねはしねえ；俺はあっちに付いたって構わないんだぜ。オファー
は来てるんだよ」
「｜分隊Ｇロッテ１《ゴルフワン》、｜分隊Ｃロッテ２《チャーリーツー》！　同士討
ちと私闘は傭兵ライセンス剥奪だぞ、わかってんのか！　どうしてもやりてえなら、レ
ンタリアの外で勝手にやって仲良く商戦法違反でしょっぴかれろ。無法となっちゃ｜ピ
ースキーパーズ《クソＰＫ達》が喜んで相手してくれるだろうさ、精々身ぐるみ剥がれ
る心配でもしながら夫婦喧嘩してこればいい。それが嫌なら黙って作戦を遂行しろ。」

「……ちっ」
「フン」
　索敵できていない構成不明な敵部隊が目の前にいるというのに、真っ先に始まったの
は友軍との｜口喧嘩《戦闘》だった。
　細い暗号通信回線を輻輳させて飛び交う非建設的な怒号のキャッチボールに耳を貫か
れ、思わず天を仰いだ。零細レンタリアとして造成されたこの小さな人工島は、今日も
無駄に天気が良かったが、勿論ここからではコックピットの天井しか見えない。
　敵が目の前にいるっていうのに仲間内でこのザマとは、マージナル出の奴らってのは
どうしてこう危機感がないのだろうか。それだけシビアな環境で生きてきたということ
なのかもしれないが、巻き添えで死ぬのだけは真っ平だ。
「今回の〝商品〟は中遠距離運用前提の品物だ、白兵乱戦で使うよりはＶＯＸ辺りにぶ
ち込んで早々に撮れ高を確保した方がいい……と思うんだが｜分隊Ａロッテ１《アルフ
ァワン》、｜どう思う《ＥＮＱ》？」
「私に聞かないでよ。商談に乗ったのも、この部隊の指揮官も、あなたでしょうが。…
…｜どうぞ《ＣＲ／ＬＦ》」
「そうだがよお」
　こんな面倒なことになるなら、〝商品〟のことは黙って一人で対処すべきだった。一
人で抱えるには難儀な子守だが、こんな荒っぽい人間の何人もと一緒に意識を共有する
くらいなら、リンナ一人に頼む方が遙かによかったかもしれない。……彼女は拒否して
きっと、今と同じシチュエーションになっただろうが。
　しかし、指揮分隊長もあれか：つい溜息が出た。
　〝商品〟とは、今回の｜戦闘興行《番組》がコマーシャルとなる新製品の武器のこと
で、この零細レンタリアで広告番組を撮る程度のものだ。こんな小さなレンタリアでは
バーチャロイド自体やその基幹システムに関わるような商品が出てくるわけもなく、ま
して企業同士の大規模戦闘が起こったりもしない。第三世代初頭の型落ちや、下手をす
ると１０／８０Ａｄｖなんて骨董品まで引っ張り出されるようなお寒い戦線で、一体ど
んな武器が撮れ高をくれるのか……と思うところだが、今回の〝商品〟については実際
ちょっとしたものだ。
　元々は俺が一人で受けていた平行契約だったが、主契約の戦闘が面倒そうな雰囲気を
見せたので分け前を見せて協業を提案したのだが……はあ。
「｜分隊Ｂロッテ１《ブラヴォーワン》、〝商品〟を抱えてるのはお前のアファームド
だ。意見を聞き入れよう。」
（……なんだいそりゃ）
　面倒なところは丸投げ、持ってきたのは俺だから仕方がないのだが、それなら一人か
もっと少人数でやるべきだったのだ。
　ハツネも、どこにいるのか気がかりだ。
「確かに《《こいつ》》は中遠距離では大層な威力がありそうです、その割には値段も
安くて、こんな島でお披露目するには随分景気がいい」
　まあ指揮官の言うことも尤もだし、相手が｜ＶＯＸ《カニ》部隊なら余程の数でも出
てこない限りは一発かまして退散すれば追いつかれることもない。ミサイルの射線を通
しさえしなければ被弾も抑えられるだろう。
　今回の〝商品〟とは、アファームドＴ系列用の拡張武装パックだ。
　アファームドＴ系のＤ型といえば、嘗てのＶＯＫ系スケルトンモジュールのような武
装拡張を、アファームドの統合整備ラインに組み込もうとしたものだ。アファームド系
はポテンシャル的にはテムジン系に勝る汎用性を持った機体でありながら高級ブランド
戦略に乗れないなどの時の運から常にテムジン系の後塵を拝してきた。そうした中で、
トランスヴァールは格闘機・指揮官機・火力支援機としてのニッチェに刺さった現状か
ら更にマルチロール化を進めることでシェアを拡大しようとしている……という噂話を
信じたどこかの企業が命運をかけて開発したのが今回の〝商品〟らしい。
　アファームドＴ系Ｄ型といえばわかりやすく旧ＶＯＫ系のディスコンによって失われ
たニッチェをアファームドで奪おうとしたものだが、そこに失われたスピングル・ボッ
クのアイデア（ノウハウと言えるかまでの内情は俺も知らないが）を詰め込んだもの；
手っ取り早く言えば、この〝商品〟とは、アファームドの武装マウント用ハードポイン
トに光学兵器を搭載させるパック、ということになる。
　そんな武器が存在するとは、商品開発関係者以外は誰も知らない。初お目見えの武器
の《《わからん殺し》》で１機２機潰せば、コマーシャルとしての商品価値は十分にア
ピールできる。俺は気弱な指揮官に同意し、統制の悪そうな前衛機体の善戦を祈ろうと
したが――
「｜却ッッッ下だ《ＮＡＫ》！」
　割り込まれた。
「こちら｜分隊Ｂロッテ２《ブラヴォーツー》。そんな場当たり的な作戦に命を預ける
身にもなってもらいたい。敵部隊の規模がわからないのに刺激の強い武器を使用して、
蜂の巣を突いたようにでもなったらどうするつもりだ。ミサイルの雨霰となった日には
、型落ち機体を含んだこの部隊が損耗なしにやり過ごせるとは思い難い。仮に敵指揮部
隊がＭａｒｉｋｏタイプの編成だったら、強烈な曲射火力が直線的な障害物を無視して
くるんだぞ；｜却下だ《ＮＡＫ》。」
　うげ。こうなるような気はしていたんだよ。いやリンナ、お前の感想は尤もだ、こん
な命を懸けたピクニックはうんざりだよ。だがなあ。
「……却下、って｜分隊Ｂロッテ２《リンナ》お前何様だよ指揮官でもなし。遠距離戦
ならお前のエンジェラン型だってブがあるだろう、パックとして抑えは欠いてない」
「私の話はしていない、部隊全体の話をしている。敵規模を把握しない限り、交戦には
反対する；気付かれた以上、一旦０４隘地まで退くべきだ。｜どうか《ＥＮＱ》？」
「こちら｜分隊Ａロッテ２《アルファツー》。｜同意する《ＡＣＫ》。」
　即座に答えを返してきたのは、分隊長の女房役らしい女傑然とした女性の声だった。

「おいぃ!?」
「あんたが優柔不断だからこんな事になってンでしょうが！　もっとビシッと指揮しろ
、男のくせに！」
「男のくせにとか、今どき流行んないぜ……。こちら｜分隊Ａロッテ１《アルファワン
》；先制攻撃に失敗した、一度ラインを下げてプランＢへ移行する。」
「｜了解《ＡＣＫ》」
「｜へーい《ＡＣＫ》」
「｜妥当だな《ＡＣＫ》」
　指揮官の女房役らしい人のおかげで、霧中の攻撃敢行は避けられた。
